D:/TouchGFX/Check/Core/Src/main.c:1011:13:SPI5_Write	16	static
D:/TouchGFX/Check/Core/Src/main.c:1135:6:StartDefaultTask	48	static
D:/TouchGFX/Check/Core/Src/main.c:1154:6:JoystickDirectionTask	16	static
D:/TouchGFX/Check/Core/Src/main.c:261:6:SystemClock_Config	96	static
D:/TouchGFX/Check/Core/Src/main.c:164:5:main	120	static
D:/TouchGFX/Check/Core/Src/main.c:855:6:IOE_Init	0	static
D:/TouchGFX/Check/Core/Src/main.c:864:6:IOE_ITConfig	0	static
D:/TouchGFX/Check/Core/Src/main.c:876:6:IOE_Write	32	static
D:/TouchGFX/Check/Core/Src/main.c:887:9:IOE_Read	32	static
D:/TouchGFX/Check/Core/Src/main.c:900:10:IOE_ReadMultiple	24	static
D:/TouchGFX/Check/Core/Src/main.c:909:6:IOE_Delay	0	static
D:/TouchGFX/Check/Core/Src/main.c:1037:6:LCD_IO_Init	8	static
D:/TouchGFX/Check/Core/Src/main.c:1047:6:LCD_IO_WriteData	16	static
D:/TouchGFX/Check/Core/Src/main.c:1063:6:LCD_IO_WriteReg	16	static
D:/TouchGFX/Check/Core/Src/main.c:1082:10:LCD_IO_ReadData	32	static
D:/TouchGFX/Check/Core/Src/main.c:1109:6:LCD_Delay	0	static
D:/TouchGFX/Check/Core/Src/main.c:1115:6:HAL_ADC_ConvCpltCallback	8	static
D:/TouchGFX/Check/Core/Src/main.c:1198:6:HAL_TIM_PeriodElapsedCallback	0	static
D:/TouchGFX/Check/Core/Src/main.c:1216:6:Error_Handler	0	static
