D:/TouchGFX/Check/Core/Src/main.c:1050:13:SPI5_Write	16	static
D:/TouchGFX/Check/Core/Src/main.c:1162:6:StartDefaultTask	8	static
D:/TouchGFX/Check/Core/Src/main.c:278:6:SystemClock_Config	96	static
D:/TouchGFX/Check/Core/Src/main.c:164:5:main	144	static
D:/TouchGFX/Check/Core/Src/main.c:809:6:HAL_ADC_ConvCpltCallback	8	static
D:/TouchGFX/Check/Core/Src/main.c:894:6:IOE_Init	0	static
D:/TouchGFX/Check/Core/Src/main.c:903:6:IOE_ITConfig	0	static
D:/TouchGFX/Check/Core/Src/main.c:915:6:IOE_Write	32	static
D:/TouchGFX/Check/Core/Src/main.c:926:9:IOE_Read	32	static
D:/TouchGFX/Check/Core/Src/main.c:939:10:IOE_ReadMultiple	24	static
D:/TouchGFX/Check/Core/Src/main.c:948:6:IOE_Delay	0	static
D:/TouchGFX/Check/Core/Src/main.c:1076:6:LCD_IO_Init	8	static
D:/TouchGFX/Check/Core/Src/main.c:1086:6:LCD_IO_WriteData	16	static
D:/TouchGFX/Check/Core/Src/main.c:1102:6:LCD_IO_WriteReg	16	static
D:/TouchGFX/Check/Core/Src/main.c:1121:10:LCD_IO_ReadData	32	static
D:/TouchGFX/Check/Core/Src/main.c:1148:6:LCD_Delay	0	static
D:/TouchGFX/Check/Core/Src/main.c:1181:6:HAL_TIM_PeriodElapsedCallback	0	static
D:/TouchGFX/Check/Core/Src/main.c:1199:6:Error_Handler	0	static
