D:/TouchGFX/Check/Core/Src/stm32f4xx_hal_msp.c:64:6:HAL_MspInit	8	static
D:/TouchGFX/Check/Core/Src/stm32f4xx_hal_msp.c:89:6:HAL_ADC_MspInit	48	static
D:/TouchGFX/Check/Core/Src/stm32f4xx_hal_msp.c:149:6:HAL_ADC_MspDeInit	0	static
D:/TouchGFX/Check/Core/Src/stm32f4xx_hal_msp.c:212:6:HAL_CRC_MspInit	8	static
D:/TouchGFX/Check/Core/Src/stm32f4xx_hal_msp.c:235:6:HAL_CRC_MspDeInit	0	static
D:/TouchGFX/Check/Core/Src/stm32f4xx_hal_msp.c:257:6:HAL_DMA2D_MspInit	16	static
D:/TouchGFX/Check/Core/Src/stm32f4xx_hal_msp.c:283:6:HAL_DMA2D_MspDeInit	0	static
D:/TouchGFX/Check/Core/Src/stm32f4xx_hal_msp.c:308:6:HAL_I2C_MspInit	64	static
D:/TouchGFX/Check/Core/Src/stm32f4xx_hal_msp.c:357:6:HAL_I2C_MspDeInit	8	static
D:/TouchGFX/Check/Core/Src/stm32f4xx_hal_msp.c:388:6:HAL_LTDC_MspInit	120	static
D:/TouchGFX/Check/Core/Src/stm32f4xx_hal_msp.c:514:6:HAL_LTDC_MspDeInit	8	static
D:/TouchGFX/Check/Core/Src/stm32f4xx_hal_msp.c:576:6:HAL_SPI_MspInit	40	static
D:/TouchGFX/Check/Core/Src/stm32f4xx_hal_msp.c:614:6:HAL_SPI_MspDeInit	0	static
D:/TouchGFX/Check/Core/Src/stm32f4xx_hal_msp.c:644:6:HAL_UART_MspInit	40	static
D:/TouchGFX/Check/Core/Src/stm32f4xx_hal_msp.c:681:6:HAL_UART_MspDeInit	0	static
D:/TouchGFX/Check/Core/Src/stm32f4xx_hal_msp.c:812:6:HAL_SDRAM_MspInit	48	static
D:/TouchGFX/Check/Core/Src/stm32f4xx_hal_msp.c:898:6:HAL_SDRAM_MspDeInit	8	static
