D:/TouchGFX/Check/Core/Src/stm32f4xx_it.c:75:6:NMI_Handler	0	static
D:/TouchGFX/Check/Core/Src/stm32f4xx_it.c:88:6:HardFault_Handler	0	static
D:/TouchGFX/Check/Core/Src/stm32f4xx_it.c:103:6:MemManage_Handler	0	static
D:/TouchGFX/Check/Core/Src/stm32f4xx_it.c:118:6:BusFault_Handler	0	static
D:/TouchGFX/Check/Core/Src/stm32f4xx_it.c:133:6:UsageFault_Handler	0	static
D:/TouchGFX/Check/Core/Src/stm32f4xx_it.c:148:6:DebugMon_Handler	0	static
D:/TouchGFX/Check/Core/Src/stm32f4xx_it.c:168:6:ADC_IRQHandler	8	static
D:/TouchGFX/Check/Core/Src/stm32f4xx_it.c:183:6:TIM6_DAC_IRQHandler	0	static
D:/TouchGFX/Check/Core/Src/stm32f4xx_it.c:197:6:LTDC_IRQHandler	0	static
D:/TouchGFX/Check/Core/Src/stm32f4xx_it.c:211:6:DMA2D_IRQHandler	0	static
