D:/TouchGFX/Check/TouchGFX/gui/src/model/Model.cpp:48:6:void Model::setJoystickValues(uint16_t, uint16_t)	0	static
D:/TouchGFX/Check/TouchGFX/gui/src/model/Model.cpp:57:6:void Model::spawnRandomTile()	144	static
D:/TouchGFX/Check/TouchGFX/gui/src/model/Model.cpp:16:1:Model::Model()	8	static
D:/TouchGFX/Check/TouchGFX/gui/src/model/Model.cpp:79:6:void Model::moveLeft()	40	static
D:/TouchGFX/Check/TouchGFX/gui/src/model/Model.cpp:109:6:void Model::moveUp()	40	static
D:/TouchGFX/Check/TouchGFX/gui/src/model/Model.cpp:139:6:void Model::moveRight()	40	static
D:/TouchGFX/Check/TouchGFX/gui/src/model/Model.cpp:169:6:void Model::moveDown()	40	static
D:/TouchGFX/Check/TouchGFX/gui/src/model/Model.cpp:24:6:void Model::tick()	16	static
