D:/TouchGFX/Check/TouchGFX/gui/src/model/Model.cpp:52:6:void Model::setJoystickValues(uint16_t, uint16_t)	0	static
D:/TouchGFX/Check/TouchGFX/gui/src/model/Model.cpp:61:6:void Model::spawnRandomTile()	144	static
D:/TouchGFX/Check/TouchGFX/gui/src/model/Model.cpp:20:1:Model::Model()	8	static
D:/TouchGFX/Check/TouchGFX/gui/src/model/Model.cpp:236:6:void Model::saveHighScoreToFlash()	0	static
D:/TouchGFX/Check/TouchGFX/gui/src/model/Model.cpp:252:6:void Model::loadHighScoreFromFlash()	0	static
D:/TouchGFX/Check/TouchGFX/gui/src/model/Model.cpp:223:6:void Model::resetGame()	16	static
D:/TouchGFX/Check/TouchGFX/gui/src/model/Model.cpp:261:6:bool Model::isGameOver()	8	static
D:/TouchGFX/Check/TouchGFX/gui/src/model/Model.cpp:83:6:void Model::moveLeft()	48	static
D:/TouchGFX/Check/TouchGFX/gui/src/model/Model.cpp:118:6:void Model::moveUp()	40	static
D:/TouchGFX/Check/TouchGFX/gui/src/model/Model.cpp:153:6:void Model::moveRight()	48	static
D:/TouchGFX/Check/TouchGFX/gui/src/model/Model.cpp:188:6:void Model::moveDown()	40	static
D:/TouchGFX/Check/TouchGFX/gui/src/model/Model.cpp:28:6:void Model::tick()	16	static
