../../TouchGFX/gui/include/gui/screen2_screen/Screen2Presenter.hpp:28:13:Screen2Presenter::~Screen2Presenter()	0	static
D:/TouchGFX/Check/TouchGFX/gui/src/screen2_screen/Screen2Presenter.cpp:10:6:virtual void Screen2Presenter::activate()	0	static
../../TouchGFX/gui/include/gui/screen2_screen/Screen2Presenter.hpp:28:13:virtual Screen2Presenter::~Screen2Presenter()	8	static
D:/TouchGFX/Check/TouchGFX/gui/src/screen2_screen/Screen2Presenter.cpp:30:6:virtual void Screen2Presenter::updateMatrix(uint16_t (*)[4])	0	static
D:/TouchGFX/Check/TouchGFX/gui/src/screen2_screen/Screen2Presenter.cpp:20:6:virtual void Screen2Presenter::processJoystick(uint16_t, uint16_t)	0	static
../../TouchGFX/gui/include/gui/screen2_screen/Screen2Presenter.hpp:28:13:virtual void* Screen2Presenter::_ZThn4_N16Screen2PresenterD1Ev()	0	static
D:/TouchGFX/Check/TouchGFX/gui/src/screen2_screen/Screen2Presenter.cpp:4:1:Screen2Presenter::Screen2Presenter(Screen2View&)	0	static
D:/TouchGFX/Check/TouchGFX/gui/src/screen2_screen/Screen2Presenter.cpp:35:6:void Screen2Presenter::onNewGameButtonPressed()	0	static
